Microchip MPLAB XC8 Compiler V2.50

Linker command line:

-W-3 \
  --edf=C:\Program Files\Microchip\xc8\v2.50\pic\dat\20240725155939_en.msgs \
  -cn -h+dist/default/production\digital_alarm.X.production.sym \
  --cmf=dist/default/production\digital_alarm.X.production.cmf -z -Q18F4580 \
  -oC:\Users\shaik\AppData\Local\Temp\xcAsm3s.\driver_tmp_3.o \
  --defsym=__MPLAB_BUILD=1 --fixupoverflow=error \
  -Mdist/default/production/digital_alarm.X.production.map \
  --md=C:\Users\shaik\AppData\Local\Temp\xcAsm3s.\driver_tmp_0.dat -E1 \
  -ver=XC8 Compiler --acfsm=1493 -ACODE=00h-03000h -ACONST=00h-03000h \
  -ASMALLCONST=0600h-06FFhx42,03000h-03000h -AMEDIUMCONST=0600h-03000h \
  -ACOMRAM=01h-05Fh -AABS1=00h-05FFh -ABIGRAM=01h-05FFh \
  -ARAM=060h-0FFh,0100h-01FFhx5 -ABANK0=060h-0FFh -ABANK1=0100h-01FFh \
  -ABANK2=0200h-02FFh -ABANK3=0300h-03FFh -ABANK4=0400h-04FFh \
  -ABANK5=0500h-05FFh -ASFR=0D00h-0DFFhx2,0F00h-0F5Fh,0F60h-0FFFh \
  -ABIGSFR=0D00h-0FFFh -ACONFIG=0300000h-030000Dh -AIDLOC=0200000h-0200007h \
  -AEEDATA=0F00000h-0F000FFh -peeprom_data=EEDATA \
  -preset_vec=00h,intcode=8h,intcodelo,powerup,init -pramtop=0600h \
  -psmallconst=SMALLCONST -pmediumconst=MEDIUMCONST -pconst=CONST \
  -AFARRAM=00h-00h \
  -prdata=COMRAM,nvrram=COMRAM,nvbit=COMRAM,rbss=COMRAM,rbit=COMRAM \
  -pfarbss=FARRAM,fardata=FARRAM,nvFARRAM=FARRAM \
  -pintsave_regs=BIGRAM,bigbss=BIGRAM,bigdata=BIGRAM -pbss=RAM \
  -pidata=CODE,irdata=CODE,ibigdata=CODE,ifardata=CODE -prparam=COMRAM \
  C:\Users\shaik\AppData\Local\Temp\xcAsm3s.\driver_tmp_9.o \
  dist/default/production\digital_alarm.X.production.o 

Object code version is 3.11

Machine type is 18F4580



                Name                               Link     Load   Length Selector   Space Scale
C:\Users\shaik\AppData\Local\Temp\xcAsm3s.\driver_tmp_9.o
                idloc                            200000   200000        8        0       5
                config                           300000   300000        E        0       4
                init                                  E        E        4        4       0
                reset_vec                             0        0        4        0       0
dist/default/production\digital_alarm.X.production.o
                intcode                               8        8        6        4       0
                idloc                            200000   200000        8        0       5
                config                           300000   300000        E        0       4
                temp                                 5B       5B        1        1       1
                mediumconst                        2F58     2F58       A8     17AC       0
                intcode_body                       16F4     16F4      1B0        4       0
                text49                             26F4     26F4       74        4       0
                text48                             2A20     2A20       3A        4       0
                text47                             27D4     27D4       6C        4       0
                text46                             2BA2     2BA2       18        4       0
                text45                             28AA     28AA       64        4       0
                text44                             2C54     2C54        6     1617       0
                text43                             2BF8     2BF8       12        4       0
                text42                             2C46     2C46        8     1617       0
                text41                             2C16     2C16        C        4       0
                text40                             2C3E     2C3E        8     1617       0
                text39                             2C36     2C36        8     1617       0
                text38                             2C2E     2C2E        8     1617       0
                text37                             2C0A     2C0A        C        4       0
                text36                             2B14     2B14       2A        4       0
                text35                             29E0     29E0       40        4       0
                text34                             1BE0     1BE0      16E        4       0
                text33                              728      728      4D0        4       0
                text32                             18A4     18A4      1AC        4       0
                text31                             1D4E     1D4E      166        4       0
                text30                             2B84     2B84       1E        4       0
                text29                             100C     100C      400        4       0
                text28                              BF8      BF8      414        4       0
                text27                             1EB4     1EB4      15E        4       0
                text26                             2840     2840       6A        4       0
                text25                             2A5A     2A5A       36        4       0
                text24                             140C     140C      2E8        4       0
                text23                             2AEA     2AEA       2A        4       0
                text22                             250C     250C       84        4       0
                text21                             2768     2768       6C        4       0
                text20                             2012     2012      146        4       0
                text19                             2C4E     2C4E        6     1617       0
                text18                             2B64     2B64       20        4       0
                text17                             2336     2336       A8        4       0
                text16                             2A90     2A90       30        4       0
                text15                             2680     2680       74        4       0
                text14                             299C     299C       44        4       0
                text13                             2260     2260       D6        4       0
                text12                             2956     2956       46        4       0
                text11                             1A50     1A50      190        4       0
                text10                             2AC0     2AC0       2A        4       0
                text9                              2608     2608       78        4       0
                text8                              23DE     23DE       A6        4       0
                text7                              290E     290E       48        4       0
                text6                              2BD0     2BD0       16        4       0
                text5                              2BE6     2BE6       12        4       0
                text4                              2BBA     2BBA       16        4       0
                text3                              2B3E     2B3E       26        4       0
                text2                              2158     2158      108        4       0
                text1                              2590     2590       78        4       0
                text0                                12       12      716        4       0
                cstackCOMRAM                          1        1       47        1       1
                cstackBANK0                          D4       D4       14       60       1
                bssBANK3                            300      300       B4      300       1
                bssBANK2                            200      200       B4      200       1
                bssBANK1                            100      100       B4      100       1
                dataBANK0                            E8       E8        B       60       1
                bssBANK0                             60       60       74       60       1
                dataCOMRAM                           58       58        3        1       1
                bssCOMRAM                            48       48       10        1       1
                cinit                              2484     2484       88        4       0
                idataBANK0                         2C22     2C22        B        4       0
                idataCOMRAM                        2C5A     2C5A        3     1617       0

TOTAL           Name                               Link     Load   Length     Space
        CLASS   CODE           
                intcode                               8        8        6         0
                init                                  E        E        4         0
                reset_vec                             0        0        4         0
                intcode_body                       16F4     16F4      1B0         0
                text49                             26F4     26F4       74         0
                text48                             2A20     2A20       3A         0
                text47                             27D4     27D4       6C         0
                text46                             2BA2     2BA2       18         0
                text45                             28AA     28AA       64         0
                text44                             2C54     2C54        6         0
                text43                             2BF8     2BF8       12         0
                text42                             2C46     2C46        8         0
                text41                             2C16     2C16        C         0
                text40                             2C3E     2C3E        8         0
                text39                             2C36     2C36        8         0
                text38                             2C2E     2C2E        8         0
                text37                             2C0A     2C0A        C         0
                text36                             2B14     2B14       2A         0
                text35                             29E0     29E0       40         0
                text34                             1BE0     1BE0      16E         0
                text33                              728      728      4D0         0
                text32                             18A4     18A4      1AC         0
                text31                             1D4E     1D4E      166         0
                text30                             2B84     2B84       1E         0
                text29                             100C     100C      400         0
                text28                              BF8      BF8      414         0
                text27                             1EB4     1EB4      15E         0
                text26                             2840     2840       6A         0
                text25                             2A5A     2A5A       36         0
                text24                             140C     140C      2E8         0
                text23                             2AEA     2AEA       2A         0
                text22                             250C     250C       84         0
                text21                             2768     2768       6C         0
                text20                             2012     2012      146         0
                text19                             2C4E     2C4E        6         0
                text18                             2B64     2B64       20         0
                text17                             2336     2336       A8         0
                text16                             2A90     2A90       30         0
                text15                             2680     2680       74         0
                text14                             299C     299C       44         0
                text13                             2260     2260       D6         0
                text12                             2956     2956       46         0
                text11                             1A50     1A50      190         0
                text10                             2AC0     2AC0       2A         0
                text9                              2608     2608       78         0
                text8                              23DE     23DE       A6         0
                text7                              290E     290E       48         0
                text6                              2BD0     2BD0       16         0
                text5                              2BE6     2BE6       12         0
                text4                              2BBA     2BBA       16         0
                text3                              2B3E     2B3E       26         0
                text2                              2158     2158      108         0
                text1                              2590     2590       78         0
                text0                                12       12      716         0
                cinit                              2484     2484       88         0
                idataBANK0                         2C22     2C22        B         0
                idataCOMRAM                        2C5A     2C5A        3         0

        CLASS   CONST          

        CLASS   SMALLCONST     

        CLASS   MEDIUMCONST    
                mediumconst                        2F58     2F58       A8         0

        CLASS   COMRAM         
                temp                                 5B       5B        1         1
                cstackCOMRAM                          1        1       47         1
                dataCOMRAM                           58       58        3         1
                bssCOMRAM                            48       48       10         1

        CLASS   ABS1           

        CLASS   BIGRAM         

        CLASS   RAM            

        CLASS   BANK0          
                cstackBANK0                          D4       D4       14         1
                dataBANK0                            E8       E8        B         1
                bssBANK0                             60       60       74         1

        CLASS   BANK1          
                bssBANK1                            100      100       B4         1

        CLASS   BANK2          
                bssBANK2                            200      200       B4         1

        CLASS   BANK3          
                bssBANK3                            300      300       B4         1

        CLASS   BANK4          

        CLASS   BANK5          

        CLASS   SFR            

        CLASS   BIGSFR         

        CLASS   CONFIG         
                config                           300000   300000        E         4

        CLASS   IDLOC          
                idloc                            200000   200000        8         5

        CLASS   EEDATA         

        CLASS   FARRAM         

        CLASS   HEAP           

        CLASS   STACK          



SEGMENTS        Name                           Load    Length   Top    Selector   Space  Class

                reset_vec                      000000  000004  000004         0       0  CODE    
                cstackCOMRAM                   000001  00005B  00005C         1       1  COMRAM  
                intcode                        000008  002C25  002C2D         4       0  CODE    
                bssBANK0                       000060  000093  0000F3        60       1  BANK0   
                bssBANK1                       000100  0000B4  0001B4       100       1  BANK1   
                bssBANK2                       000200  0000B4  0002B4       200       1  BANK2   
                bssBANK3                       000300  0000B4  0003B4       300       1  BANK3   
                text38                         002C2E  00002F  002C5D      1617       0  CODE    
                mediumconst                    002F58  0000A8  003000      17AC       0  MEDIUMCO


UNUSED ADDRESS RANGES

        Name                Unused          Largest block    Delta
        BANK0            0000F3-0000FF                D
        BANK1            0001B4-0001FF               4C
        BANK2            0002B4-0002FF               4C
        BANK3            0003B4-0003FF               4C
        BANK4            000400-0004FF              100
        BANK5            000500-0005FF              100
        BIGRAM           00005C-00005F                4
                         0000F3-0000FF                D
                         0001B4-0001FF               4C
                         0002B4-0002FF               4C
                         0003B4-0005FF              24C
        BIGSFR           000D00-000FFF              300
        CODE             000004-000007                4
                         002C2D-002C2D                1
                         002C5D-002F57              2FB
                         003000-003000                1
        COMRAM           00005C-00005F                4
        CONST            000004-000007                4
                         002C2D-002C2D                1
                         002C5D-002F57              2FB
                         003000-003000                1
        EEDATA           F00000-F000FF              100
        MEDIUMCONST      002C2D-002C2D                1
                         002C5D-002F57              2FB
                         003000-003000                1
        RAM              0000F3-0000FF                D
                         0001B4-0001FF               4C
                         0002B4-0002FF               4C
                         0003B4-0005FF              100
        SFR              000D00-000FFF              100
        SMALLCONST       002C2D-002C2D                1
                         002C5D-002F57              100
                         003000-003000                1

                                  Symbol Table

?___lmul                               cstackCOMRAM 000005
?___lwdiv                              cstackCOMRAM 000005
?___lwmod                              cstackCOMRAM 000005
?_check_event_time                     cstackCOMRAM 00002C
?_get_current_day                      cstackCOMRAM 000011
?_strcmp                               cstackCOMRAM 000005
_ACKDT                                 (abs)        007E2D
_ACKEN                                 (abs)        007E2C
_ACKSTAT                               (abs)        007E2E
_ADCON1                                (abs)        000FC1
_AM_PM                                 bssCOMRAM    000050
_AM_PM2                                bssBANK0     00009C
_BCLIF                                 (abs)        007D0B
_CKE                                   (abs)        007E3E
_DATE                                  bssBANK0     000091
_F                                     bssBANK0     000087
_GIE                                   (abs)        007F97
_GOTO_SET_EVENT                        text31       001D4E
_GOTO_SET_TIMEDATA                     text27       001EB4
_HOURS                                 bssBANK0     00008D
_INC                                   dataBANK0    0000ED
_MINUTES                               bssBANK0     00008B
_PEIE                                  (abs)        007F96
_PEN                                   (abs)        007E2A
_PORTB                                 (abs)        000F81
_PORTBbits                             (abs)        000F81
_PORTD                                 (abs)        000F83
_PSA                                   (abs)        007EAB
_RB0                                   (abs)        007C08
_RBPU                                  (abs)        007F8F
_RC0                                   (abs)        007C10
_RC1                                   (abs)        007C11
_RC2                                   (abs)        007C12
_RCEN                                  (abs)        007E2B
_RD7                                   (abs)        007C1F
_RE0                                   (abs)        007C20
_RSEN                                  (abs)        007E29
_SECONDS                               bssBANK0     000089
_SEN                                   (abs)        007E28
_SMP                                   (abs)        007E3F
_SSPADD                                (abs)        000FC8
_SSPBUF                                (abs)        000FC9
_SSPCON1                               (abs)        000FC6
_SSPIF                                 (abs)        007CF3
_STORE_TIME                            bssBANK0     0000C1
_T                                     dataBANK0    0000E8
_T08BIT                                (abs)        007EAE
_T0CS                                  (abs)        007EAD
_TMR0                                  (abs)        000FD6
_TMR0IE                                (abs)        007F95
_TMR0IF                                (abs)        007F92
_TMR0ON                                (abs)        007EAF
_TRISB                                 (abs)        000F93
_TRISB0                                (abs)        007C98
_TRISC                                 (abs)        000F94
_TRISC3                                (abs)        007CA3
_TRISC4                                (abs)        007CA4
_TRISD                                 (abs)        000F95
_TRISD7                                (abs)        007CAF
_TRISE0                                (abs)        007CB0
__HRAM                                 (abs)        000000
__H__absolute__                        __absolute__ 000000
__Habs1                                abs1         000000
__Hbank0                               bank0        000000
__Hbank1                               bank1        000000
__Hbank2                               bank2        000000
__Hbank3                               bank3        000000
__Hbank4                               bank4        000000
__Hbank5                               bank5        000000
__Hbigbss                              bigbss       000000
__Hbigdata                             bigdata      000000
__Hbigram                              bigram       000000
__Hbigsfr                              bigsfr       000000
__Hbss                                 bss          000000
__HbssBANK0                            bssBANK0     000000
__HbssBANK1                            bssBANK1     000000
__HbssBANK2                            bssBANK2     000000
__HbssBANK3                            bssBANK3     000000
__HbssCOMRAM                           bssCOMRAM    000000
__Hcinit                               cinit        000000
__Hclrtext                             clrtext      000000
__Hcomram                              comram       000000
__Hconfig                              config       30000E
__Hconst                               const        000000
__HcstackBANK0                         cstackBANK0  000000
__HcstackCOMRAM                        cstackCOMRAM 000000
__Hdata                                data         000000
__HdataBANK0                           dataBANK0    000000
__HdataCOMRAM                          dataCOMRAM   000000
__Heeprom_data                         eeprom_data  000000
__Hfarbss                              farbss       000000
__Hfardata                             fardata      000000
__Hheap                                heap         000000
__Hibigdata                            ibigdata     000000
__Hidata                               idata        000000
__HidataBANK0                          idataBANK0   000000
__HidataCOMRAM                         idataCOMRAM  000000
__Hidloc                               idloc        200008
__Hifardata                            ifardata     000000
__Hinit                                init         000012
__Hintcode                             intcode      00000E
__Hintcode_body                        intcode_body 000000
__Hintcodelo                           intcodelo    00000E
__Hintentry                            intentry     000000
__Hintret                              intret       000000
__Hintsave_regs                        intsave_regs 000000
__Hirdata                              irdata       000000
__Hmediumconst                         mediumconst  003000
__HnvFARRAM                            nvFARRAM     000000
__Hnvbit                               nvbit        000000
__Hnvrram                              nvrram       000000
__Hparam                               rparam       000000
__Hpowerup                             powerup      00000E
__Hram                                 ram          000000
__Hramtop                              ramtop       000600
__Hrbit                                rbit         000000
__Hrbss                                rbss         000000
__Hrdata                               rdata        000000
__Hreset_vec                           reset_vec    000004
__Hrparam                              rparam       000000
__Hsfr                                 sfr          000000
__Hsivt_hi                             sivt_hi      000000
__Hsivt_lo                             sivt_lo      000000
__Hsmallconst                          smallconst   000000
__Hspace_0                             (abs)        003000
__Hspace_1                             (abs)        0003B4
__Hspace_2                             (abs)        000000
__Hspace_4                             (abs)        60000E
__Hstack                               stack        000000
__Hstruct                              struct       000000
__Htemp                                temp         00005C
__Htext                                text         000000
__Htext0                               text0        000000
__Htext1                               text1        000000
__Htext10                              text10       000000
__Htext11                              text11       000000
__Htext12                              text12       000000
__Htext13                              text13       000000
__Htext14                              text14       000000
__Htext15                              text15       000000
__Htext16                              text16       000000
__Htext17                              text17       000000
__Htext18                              text18       000000
__Htext19                              text19       000000
__Htext2                               text2        000000
__Htext20                              text20       000000
__Htext21                              text21       000000
__Htext22                              text22       000000
__Htext23                              text23       000000
__Htext24                              text24       000000
__Htext25                              text25       000000
__Htext26                              text26       000000
__Htext27                              text27       000000
__Htext28                              text28       000000
__Htext29                              text29       000000
__Htext3                               text3        000000
__Htext30                              text30       000000
__Htext31                              text31       000000
__Htext32                              text32       000000
__Htext33                              text33       000000
__Htext34                              text34       000000
__Htext35                              text35       000000
__Htext36                              text36       000000
__Htext37                              text37       000000
__Htext38                              text38       000000
__Htext39                              text39       000000
__Htext4                               text4        000000
__Htext40                              text40       000000
__Htext41                              text41       000000
__Htext42                              text42       000000
__Htext43                              text43       000000
__Htext44                              text44       000000
__Htext45                              text45       000000
__Htext46                              text46       000000
__Htext47                              text47       000000
__Htext48                              text48       000000
__Htext49                              text49       000000
__Htext5                               text5        000000
__Htext6                               text6        000000
__Htext7                               text7        000000
__Htext8                               text8        000000
__Htext9                               text9        000000
__LRAM                                 (abs)        000001
__L__absolute__                        __absolute__ 000000
__Labs1                                abs1         000000
__Lbank0                               bank0        000000
__Lbank1                               bank1        000000
__Lbank2                               bank2        000000
__Lbank3                               bank3        000000
__Lbank4                               bank4        000000
__Lbank5                               bank5        000000
__Lbigbss                              bigbss       000000
__Lbigdata                             bigdata      000000
__Lbigram                              bigram       000000
__Lbigsfr                              bigsfr       000000
__Lbss                                 bss          000000
__LbssBANK0                            bssBANK0     000000
__LbssBANK1                            bssBANK1     000000
__LbssBANK2                            bssBANK2     000000
__LbssBANK3                            bssBANK3     000000
__LbssCOMRAM                           bssCOMRAM    000000
__Lcinit                               cinit        000000
__Lclrtext                             clrtext      000000
__Lcomram                              comram       000000
__Lconfig                              config       000000
__Lconst                               const        000000
__LcstackBANK0                         cstackBANK0  000000
__LcstackCOMRAM                        cstackCOMRAM 000000
__Ldata                                data         000000
__LdataBANK0                           dataBANK0    000000
__LdataCOMRAM                          dataCOMRAM   000000
__Leeprom_data                         eeprom_data  000000
__Lfarbss                              farbss       000000
__Lfardata                             fardata      000000
__Lheap                                heap         000000
__Libigdata                            ibigdata     000000
__Lidata                               idata        000000
__LidataBANK0                          idataBANK0   000000
__LidataCOMRAM                         idataCOMRAM  000000
__Lidloc                               idloc        000000
__Lifardata                            ifardata     000000
__Linit                                init         00000E
__Lintcode                             intcode      000008
__Lintcode_body                        intcode_body 000000
__Lintcodelo                           intcodelo    00000E
__Lintentry                            intentry     000000
__Lintret                              intret       000000
__Lintsave_regs                        intsave_regs 000000
__Lirdata                              irdata       000000
__Lmediumconst                         mediumconst  002F58
__LnvFARRAM                            nvFARRAM     000000
__Lnvbit                               nvbit        000000
__Lnvrram                              nvrram       000000
__Lparam                               rparam       000000
__Lpowerup                             powerup      00000E
__Lram                                 ram          000000
__Lramtop                              ramtop       000600
__Lrbit                                rbit         000000
__Lrbss                                rbss         000000
__Lrdata                               rdata        000000
__Lreset_vec                           reset_vec    000000
__Lrparam                              rparam       000000
__Lsfr                                 sfr          000000
__Lsivt_hi                             sivt_hi      000000
__Lsivt_lo                             sivt_lo      000000
__Lsmallconst                          smallconst   000000
__Lspace_0                             (abs)        000000
__Lspace_1                             (abs)        000000
__Lspace_2                             (abs)        000000
__Lspace_4                             (abs)        000000
__Lstack                               stack        000000
__Lstruct                              struct       000000
__Ltemp                                temp         00005B
__Ltext                                text         000000
__Ltext0                               text0        000000
__Ltext1                               text1        000000
__Ltext10                              text10       000000
__Ltext11                              text11       000000
__Ltext12                              text12       000000
__Ltext13                              text13       000000
__Ltext14                              text14       000000
__Ltext15                              text15       000000
__Ltext16                              text16       000000
__Ltext17                              text17       000000
__Ltext18                              text18       000000
__Ltext19                              text19       000000
__Ltext2                               text2        000000
__Ltext20                              text20       000000
__Ltext21                              text21       000000
__Ltext22                              text22       000000
__Ltext23                              text23       000000
__Ltext24                              text24       000000
__Ltext25                              text25       000000
__Ltext26                              text26       000000
__Ltext27                              text27       000000
__Ltext28                              text28       000000
__Ltext29                              text29       000000
__Ltext3                               text3        000000
__Ltext30                              text30       000000
__Ltext31                              text31       000000
__Ltext32                              text32       000000
__Ltext33                              text33       000000
__Ltext34                              text34       000000
__Ltext35                              text35       000000
__Ltext36                              text36       000000
__Ltext37                              text37       000000
__Ltext38                              text38       000000
__Ltext39                              text39       000000
__Ltext4                               text4        000000
__Ltext40                              text40       000000
__Ltext41                              text41       000000
__Ltext42                              text42       000000
__Ltext43                              text43       000000
__Ltext44                              text44       000000
__Ltext45                              text45       000000
__Ltext46                              text46       000000
__Ltext47                              text47       000000
__Ltext48                              text48       000000
__Ltext49                              text49       000000
__Ltext5                               text5        000000
__Ltext6                               text6        000000
__Ltext7                               text7        000000
__Ltext8                               text8        000000
__Ltext9                               text9        000000
__S0                                   (abs)        003000
__S1                                   (abs)        0003B4
__S4                                   (abs)        000000
__S5                                   (abs)        000000
___heap_hi                             (abs)        000000
___heap_lo                             (abs)        000000
___inthi_sp                            stack        000000
___inthi_stack_hi                      stack        000000
___inthi_stack_lo                      stack        000000
___intlo_sp                            stack        000000
___intlo_stack_hi                      stack        000000
___intlo_stack_lo                      stack        000000
___lmul                                text26       002840
___lmul@multiplicand                   cstackCOMRAM 000009
___lmul@multiplier                     cstackCOMRAM 000005
___lmul@product                        cstackCOMRAM 00000D
___lwdiv                               text49       0026F4
___lwdiv@counter                       cstackCOMRAM 00000B
___lwdiv@dividend                      cstackCOMRAM 000005
___lwdiv@divisor                       cstackCOMRAM 000007
___lwdiv@quotient                      cstackCOMRAM 000009
___lwmod                               text45       0028AA
___lwmod@counter                       cstackCOMRAM 000009
___lwmod@dividend                      cstackCOMRAM 000005
___lwmod@divisor                       cstackCOMRAM 000007
___param_bank                          (abs)        000000
___rparam_used                         (abs)        000001
___sp                                  stack        000000
___stack_hi                            stack        000000
___stack_lo                            stack        000000
__accesstop                            (abs)        000060
__activetblptr                         (abs)        000002
__end_of_GOTO_SET_EVENT                text31       001EB4
__end_of_GOTO_SET_TIMEDATA             text27       002012
__end_of___lmul                        text26       0028AA
__end_of___lwdiv                       text49       002768
__end_of___lwmod                       text45       00290E
__end_of__initialization               cinit        0024FE
__end_of_calculate_duration            text24       0016F4
__end_of_check_daily_event             text19       002C54
__end_of_check_event_time              text20       002158
__end_of_check_event_trigger           text13       002336
__end_of_check_onetime_event           text18       002B84
__end_of_check_weekly_event            text14       0029E0
__end_of_clcd_print                    text47       002840
__end_of_clcd_putch                    text46       002BBA
__end_of_clcd_write                    text48       002A5A
__end_of_compare                       text11       001BE0
__end_of_current_date                  text17       0023DE
__end_of_display_date                  text10       002AEA
__end_of_display_time                  text9        002680
__end_of_get_current_day               text16       002AC0
__end_of_get_date                      text15       0026F4
__end_of_get_time                      text22       002590
__end_of_i2c_idle                      text43       002C0A
__end_of_i2c_no_ack                    text44       002C5A
__end_of_i2c_read                      text41       002C22
__end_of_i2c_rep_start                 text40       002C46
__end_of_i2c_rx_mode                   text42       002C4E
__end_of_i2c_start                     text39       002C3E
__end_of_i2c_stop                      text38       002C36
__end_of_i2c_write                     text37       002C16
__end_of_init_clcd                     text8        002484
__end_of_init_config                   text3        002B64
__end_of_init_ds1307                   text7        002956
__end_of_init_i2c                      text6        002BE6
__end_of_init_matrix_keypad            text5        002BF8
__end_of_init_timer0                   text4        002BD0
__end_of_isr                           intcode_body 0018A4
__end_of_main                          text0        000728
__end_of_read_EEPROM                   text36       002B3E
__end_of_read_ds1307                   text23       002B14
__end_of_read_switches                 text1        002608
__end_of_scan_key                      text2        002260
__end_of_set_EVENT                     text33       000BF8
__end_of_set_date                      text29       00140C
__end_of_set_time                      text28       00100C
__end_of_strcmp                        text21       0027D4
__end_of_strcopy                       text12       00299C
__end_of_strcpy                        text25       002A90
__end_of_view_ALARM                    text32       001A50
__end_of_write                         text34       001D4E
__end_of_write_EEPROM                  text35       002A20
__end_of_write_ds1307                  text30       002BA2
__initialization                       cinit        002484
__mediumconst                          mediumconst  002F58
__pbssBANK0                            bssBANK0     000060
__pbssBANK1                            bssBANK1     000100
__pbssBANK2                            bssBANK2     000200
__pbssBANK3                            bssBANK3     000300
__pbssCOMRAM                           bssCOMRAM    000048
__pcinit                               cinit        002484
__pcstackBANK0                         cstackBANK0  0000D4
__pcstackCOMRAM                        cstackCOMRAM 000001
__pdataBANK0                           dataBANK0    0000E8
__pdataCOMRAM                          dataCOMRAM   000058
__pidataBANK0                          idataBANK0   002C22
__pidataCOMRAM                         idataCOMRAM  002C5A
__pintcode                             intcode      000008
__pintcode_body                        intcode_body 0016F4
__pmediumconst                         mediumconst  002F58
__ptext0                               text0        000012
__ptext1                               text1        002590
__ptext10                              text10       002AC0
__ptext11                              text11       001A50
__ptext12                              text12       002956
__ptext13                              text13       002260
__ptext14                              text14       00299C
__ptext15                              text15       002680
__ptext16                              text16       002A90
__ptext17                              text17       002336
__ptext18                              text18       002B64
__ptext19                              text19       002C4E
__ptext2                               text2        002158
__ptext20                              text20       002012
__ptext21                              text21       002768
__ptext22                              text22       00250C
__ptext23                              text23       002AEA
__ptext24                              text24       00140C
__ptext25                              text25       002A5A
__ptext26                              text26       002840
__ptext27                              text27       001EB4
__ptext28                              text28       000BF8
__ptext29                              text29       00100C
__ptext3                               text3        002B3E
__ptext30                              text30       002B84
__ptext31                              text31       001D4E
__ptext32                              text32       0018A4
__ptext33                              text33       000728
__ptext34                              text34       001BE0
__ptext35                              text35       0029E0
__ptext36                              text36       002B14
__ptext37                              text37       002C0A
__ptext38                              text38       002C2E
__ptext39                              text39       002C36
__ptext4                               text4        002BBA
__ptext40                              text40       002C3E
__ptext41                              text41       002C16
__ptext42                              text42       002C46
__ptext43                              text43       002BF8
__ptext44                              text44       002C54
__ptext45                              text45       0028AA
__ptext46                              text46       002BA2
__ptext47                              text47       0027D4
__ptext48                              text48       002A20
__ptext49                              text49       0026F4
__ptext5                               text5        002BE6
__ptext6                               text6        002BD0
__ptext7                               text7        00290E
__ptext8                               text8        0023DE
__ptext9                               text9        002608
__ramtop                               ramtop       000600
__smallconst                           smallconst   000000
_bytes                                 dataBANK0    0000EC
_calculate_duration                    text24       00140C
_calender_reg                          bssBANK0     000070
_change_field                          dataBANK0    0000F0
_check_daily_event                     text19       002C4E
_check_event_time                      text20       002012
_check_event_trigger                   text13       002260
_check_onetime_event                   text18       002B64
_check_weekly_event                    text14       00299C
_clcd_print                            text47       0027D4
_clcd_putch                            text46       002BA2
_clcd_write                            text48       002A20
_clock_reg                             bssBANK0     000074
_compare                               text11       001A50
_count                                 bssCOMRAM    000056
_current_date                          text17       002336
_date                                  bssBANK0     0000B1
_day                                   bssCOMRAM    00004A
_display_date                          text10       002AC0
_display_time                          text9        002608
_dur_hour                              bssBANK0     000097
_dur_minute                            dataBANK0    0000EA
_dur_sec                               bssBANK0     000095
_duration                              bssBANK0     0000A1
_duration_                             bssBANK0     00006C
_duration_var                          bssBANK0     00009B
_event_count                           bssCOMRAM    000048
_event_day                             bssBANK0     00007B
_event_field                           dataBANK0    0000EF
_f                                     bssBANK0     00009E
_flag                                  bssBANK0     0000A0
_get_current_day                       text16       002A90
_get_date                              text15       002680
_get_time                              text22       00250C
_hour                                  dataCOMRAM   000059
_i2c_idle                              text43       002BF8
_i2c_no_ack                            text44       002C54
_i2c_read                              text41       002C16
_i2c_rep_start                         text40       002C3E
_i2c_rx_mode                           text42       002C46
_i2c_start                             text39       002C36
_i2c_stop                              text38       002C2E
_i2c_write                             text37       002C0A
_init_clcd                             text8        0023DE
_init_config                           text3        002B3E
_init_ds1307                           text7        00290E
_init_i2c                              text6        002BD0
_init_matrix_keypad                    text5        002BE6
_init_timer0                           text4        002BBA
_isr                                   intcode      000008
_key                                   bssBANK0     00009F
_m                                     bssBANK0     000081
_main                                  text0        000012
_match                                 bssBANK0     00007D
_minute                                bssCOMRAM    000054
_month                                 bssCOMRAM    00004C
_n                                     bssBANK0     00007F
_once                                  dataBANK0    0000EE
_oper                                  dataBANK0    0000F1
_oper1                                 dataCOMRAM   000058
_p                                     bssBANK0     000085
_read_EEPROM                           text36       002B14
_read_ds1307                           text23       002AEA
_read_switches                         text1        002590
_scan_key                              text2        002158
_sec                                   bssCOMRAM    000052
_seconds_2                             bssBANK0     000079
_seconds_5                             bssBANK0     000077
_seconds_flag                          bssBANK0     000099
_set_EVENT                             text33       000728
_set_date                              text29       00100C
_set_time                              text28       000BF8
_stop                                  bssBANK0     000083
_strcmp                                text21       002768
_strcopy                               text12       002956
_strcpy                                text25       002A5A
_temp_AM                               bssBANK2     000200
_temp_PM                               bssBANK3     000300
_time                                  bssBANK0     0000CB
_timer_flag                            bssBANK0     00009D
_view_ALARM                            text32       0018A4
_view_event                            bssBANK1     000100
_w                                     bssBANK0     000093
_wait                                  bssBANK0     00008F
_write                                 text34       001BE0
_write_EEPROM                          text35       0029E0
_write_ds1307                          text30       002B84
_year                                  bssCOMRAM    00004E
btemp                                  temp         00005B
calculate_duration@i                   cstackCOMRAM 00002A
calculate_duration@i_470               cstackCOMRAM 000028
calculate_duration@j                   cstackCOMRAM 000026
calculate_duration@k                   cstackCOMRAM 000011
calculate_duration@temp_minute         cstackCOMRAM 00001E
calculate_duration@temp_sec            cstackCOMRAM 000022
check_event_time@i                     cstackCOMRAM 00003C
check_event_time@j                     cstackCOMRAM 00003E
check_event_time@ptr                   cstackCOMRAM 000032
check_event_trigger@i                  cstackCOMRAM 000046
check_weekly_event@current_day_of_week cstackCOMRAM 000041
clcd_print@addr                        cstackCOMRAM 000009
clcd_print@data                        cstackCOMRAM 000007
clcd_putch@addr                        cstackCOMRAM 000007
clcd_putch@data                        cstackCOMRAM 000008
clcd_write@byte                        cstackCOMRAM 000006
clcd_write@control_bit                 cstackCOMRAM 000005
compare@a                              cstackCOMRAM 00000B
compare@i                              cstackCOMRAM 000027
compare@j                              cstackCOMRAM 000029
compare@temp                           cstackCOMRAM 00000D
compare@temp2                          cstackCOMRAM 000015
end_of_initialization                  cinit        0024FE
get_current_day@current_day            cstackCOMRAM 000015
i2c_write@data                         cstackCOMRAM 000005
init_ds1307@dummy                      cstackCOMRAM 00000E
int$flags                              temp         00005B
int_func                               intcode_body 0016F4
intlevel0                              text         000000
intlevel1                              text         000000
intlevel2                              text         000000
intlevel3                              text         000000
isa$std                                (abs)        000001
isa$xinst                              (abs)        000000
isr@count                              bssBANK0     000068
isr@sec_2_count                        bssBANK0     000060
isr@sec_5_count                        bssBANK0     000064
main@count2                            cstackBANK0  0000D8
main@i                                 cstackBANK0  0000DC
main@i_375                             cstackBANK0  0000E2
main@i_382                             cstackBANK0  0000E6
main@j                                 cstackBANK0  0000E0
main@j_381                             cstackBANK0  0000DE
main@l                                 cstackBANK0  0000DA
main@x                                 cstackBANK0  0000E4
read_EEPROM@address1                   cstackCOMRAM 000006
read_EEPROM@data                       cstackCOMRAM 000007
read_ds1307@address                    cstackCOMRAM 000006
read_ds1307@data                       cstackCOMRAM 000007
read_switches@detection_type           cstackCOMRAM 000005
read_switches@key                      bssCOMRAM    000057
read_switches@once                     dataBANK0    0000F2
stackhi                                (abs)        000000
stacklo                                (abs)        000000
start                                  init         00000E
start_initialization                   cinit        002484
strcmp@l                               cstackCOMRAM 000005
strcmp@r                               cstackCOMRAM 000007
strcopy@i                              cstackCOMRAM 000009
strcopy@ptr                            cstackCOMRAM 000005
strcopy@qtr                            cstackCOMRAM 000007
strcpy@d                               cstackCOMRAM 000009
strcpy@dest                            cstackCOMRAM 000005
strcpy@src                             cstackCOMRAM 000007
ttemp5                                 temp         00005C
ttemp6                                 temp         00005F
ttemp7                                 temp         000063
view_ALARM@k                           cstackCOMRAM 000010
view_ALARM@line_variable               cstackCOMRAM 00000E
write@i                                cstackCOMRAM 000012
write@i_307                            cstackCOMRAM 000014
write@j                                cstackCOMRAM 000016
write_EEPROM@address1                  cstackCOMRAM 00000D
write_EEPROM@data                      cstackCOMRAM 00000A
write_EEPROM@i                         cstackCOMRAM 00000B
write_ds1307@address                   cstackCOMRAM 00000D
write_ds1307@data                      cstackCOMRAM 00000C
wtemp8                                 temp         00005C


MODULE INFORMATION

Module		Function		Class		Link	Load	Size
matrix_keypad.c
		_init_matrix_keypad		CODE           	2BE6	0000	18
		_read_switches 		CODE           	2590	0000	120
		_scan_key      		CODE           	2158	0000	264

matrix_keypad.c estimated size: 402

C:\Program Files\Microchip\xc8\v2.50\pic\sources\c99\common\lwmod.c
		___lwmod       		CODE           	28AA	0000	100

C:\Program Files\Microchip\xc8\v2.50\pic\sources\c99\common\lwmod.c estimated size: 100

C:\Program Files\Microchip\xc8\v2.50\pic\sources\c99\common\Umul32.c
		___lmul        		CODE           	2840	0000	106

C:\Program Files\Microchip\xc8\v2.50\pic\sources\c99\common\Umul32.c estimated size: 106

timer0.c
		_init_timer0   		CODE           	2BBA	0000	22

timer0.c estimated size: 22

i2c_1.c
		_i2c_start     		CODE           	2C36	0000	8
		_i2c_no_ack    		CODE           	2C54	0000	6
		_i2c_rep_start 		CODE           	2C3E	0000	8
		_i2c_idle      		CODE           	2BF8	0000	18
		_i2c_write     		CODE           	2C0A	0000	12
		_i2c_stop      		CODE           	2C2E	0000	8
		_i2c_read      		CODE           	2C16	0000	12
		_init_i2c      		CODE           	2BD0	0000	22
		_i2c_rx_mode   		CODE           	2C46	0000	8

i2c_1.c estimated size: 102

ds1307.c
		_read_ds1307   		CODE           	2AEA	0000	42
		_write_ds1307  		CODE           	2B84	0000	30
		_init_ds1307   		CODE           	290E	0000	72

ds1307.c estimated size: 144

isr1.c
		_isr           		CODE           	0008	0000	438

isr1.c estimated size: 438

get_time.c
		_calculate_duration		CODE           	140C	0000	744
		_check_event_trigger		CODE           	2260	0000	214
		_check_onetime_event		CODE           	2B64	0000	32
		_current_date  		CODE           	2336	0000	168
		_check_daily_event		CODE           	2C4E	0000	6
		_get_current_day		CODE           	2A90	0000	48
		_check_event_time		CODE           	2012	0000	326
		_check_weekly_event		CODE           	299C	0000	68

get_time.c estimated size: 1606

C:\Program Files\Microchip\xc8\v2.50\pic\sources\c99\common\strcmp.c
		_strcmp        		CODE           	2768	0000	108

C:\Program Files\Microchip\xc8\v2.50\pic\sources\c99\common\strcmp.c estimated size: 108

C:\Program Files\Microchip\xc8\v2.50\pic\sources\c99\common\strcpy.c
		_strcpy        		CODE           	2A5A	0000	54

C:\Program Files\Microchip\xc8\v2.50\pic\sources\c99\common\strcpy.c estimated size: 54

shared
		__initialization		CODE           	2484	0000	122

shared estimated size: 122

clcd.c
		_clcd_write    		CODE           	2A20	0000	58
		_clcd_print    		CODE           	27D4	0000	108
		_clcd_putch    		CODE           	2BA2	0000	24
		_init_clcd     		CODE           	23DE	0000	166

clcd.c estimated size: 356

C:\Program Files\Microchip\xc8\v2.50\pic\sources\c99\common\lwdiv.c
		___lwdiv       		CODE           	26F4	0000	116

C:\Program Files\Microchip\xc8\v2.50\pic\sources\c99\common\lwdiv.c estimated size: 116

external_eeprom_1.c
		_read_EEPROM   		CODE           	2B14	0000	42
		_write_EEPROM  		CODE           	29E0	0000	64

external_eeprom_1.c estimated size: 106

main.c
		_set_date      		CODE           	100C	0000	1024
		_strcopy       		CODE           	2956	0000	70
		_view_ALARM    		CODE           	18A4	0000	428
		_compare       		CODE           	1A50	0000	400
		_display_date  		CODE           	2AC0	0000	42
		_display_time  		CODE           	2608	0000	120
		_main          		CODE           	0012	0000	1814
		_GOTO_SET_EVENT		CODE           	1D4E	0000	358
		_set_EVENT     		CODE           	0728	0000	1232
		_get_time      		CODE           	250C	0000	132
		_write         		CODE           	1BE0	0000	366
		_set_time      		CODE           	0BF8	0000	1044
		_GOTO_SET_TIMEDATA		CODE           	1EB4	0000	350
		_init_config   		CODE           	2B3E	0000	38
		_get_date      		CODE           	2680	0000	116

main.c estimated size: 7534

